{
  "version": "1.5.0",
  "plugins_used": [
    {
      "name": "ArtifactoryDetector"
    },
    {
      "name": "AWSKeyDetector"
    },
    {
      "name": "AzureStorageKeyDetector"
    },
    {
      "name": "Base64HighEntropyString",
      "limit": 4.5
    },
    {
      "name": "BasicAuthDetector"
    },
    {
      "name": "CloudantDetector"
    },
    {
      "name": "DiscordBotTokenDetector"
    },
    {
      "name": "GitHubTokenDetector"
    },
    {
      "name": "GitLabTokenDetector"
    },
    {
      "name": "HexHighEntropyString",
      "limit": 3.0
    },
    {
      "name": "IbmCloudIamDetector"
    },
    {
      "name": "IbmCosHmacDetector"
    },
    {
      "name": "IPPublicDetector"
    },
    {
      "name": "JwtTokenDetector"
    },
    {
      "name": "KeywordDetector",
      "keyword_exclude": ""
    },
    {
      "name": "MailchimpDetector"
    },
    {
      "name": "NpmDetector"
    },
    {
      "name": "OpenAIDetector"
    },
    {
      "name": "PrivateKeyDetector"
    },
    {
      "name": "PypiTokenDetector"
    },
    {
      "name": "SendGridDetector"
    },
    {
      "name": "SlackDetector"
    },
    {
      "name": "SoftlayerDetector"
    },
    {
      "name": "SquareOAuthDetector"
    },
    {
      "name": "StripeDetector"
    },
    {
      "name": "TelegramBotTokenDetector"
    },
    {
      "name": "TwilioKeyDetector"
    }
  ],
  "filters_used": [
    {
      "path": "detect_secrets.filters.allowlist.is_line_allowlisted"
    },
    {
      "path": "detect_secrets.filters.common.is_baseline_file",
      "filename": ".secrets.baseline"
    },
    {
      "path": "detect_secrets.filters.common.is_ignored_due_to_verification_policies",
      "min_level": 2
    },
    {
      "path": "detect_secrets.filters.heuristic.is_indirect_reference"
    },
    {
      "path": "detect_secrets.filters.heuristic.is_likely_id_string"
    },
    {
      "path": "detect_secrets.filters.heuristic.is_lock_file"
    },
    {
      "path": "detect_secrets.filters.heuristic.is_not_alphanumeric_string"
    },
    {
      "path": "detect_secrets.filters.heuristic.is_potential_uuid"
    },
    {
      "path": "detect_secrets.filters.heuristic.is_prefixed_with_dollar_sign"
    },
    {
      "path": "detect_secrets.filters.heuristic.is_sequential_string"
    },
    {
      "path": "detect_secrets.filters.heuristic.is_swagger_file"
    },
    {
      "path": "detect_secrets.filters.heuristic.is_templated_secret"
    },
    {
      "path": "detect_secrets.filters.regex.should_exclude_file",
      "pattern": [
        "\\.secrets\\.baseline$",
        "uv\\.lock$",
        "package-lock\\.json$"
      ]
    }
  ],
  "results": {
    ".env.example": [
      {
        "type": "Basic Auth Credentials",
        "filename": ".env.example",
        "hashed_secret": "afc848c316af1a89d49826c5ae9d00ed769415f3",
        "is_verified": false,
        "line_number": 124
      }
    ],
    "scripts/deploy-cloud-run.sh": [
      {
        "type": "Basic Auth Credentials",
        "filename": "scripts/deploy-cloud-run.sh",
        "hashed_secret": "347cd9c53ff77d41a7b22aa56c7b4efaf54658e3",
        "is_verified": false,
        "line_number": 244
      }
    ],
    "services/portfolio/alembic.ini": [
      {
        "type": "Basic Auth Credentials",
        "filename": "services/portfolio/alembic.ini",
        "hashed_secret": "9d4e1e23bd5b727046a9e3b4b7db57bd8d6ee684",
        "is_verified": false,
        "line_number": 90
      }
    ],
    "services/portfolio/alembic/env.py": [
      {
        "type": "Basic Auth Credentials",
        "filename": "services/portfolio/alembic/env.py",
        "hashed_secret": "9d4e1e23bd5b727046a9e3b4b7db57bd8d6ee684",
        "is_verified": false,
        "line_number": 39
      }
    ],
    "services/portfolio/alembic/versions/1e060791e589_operator_documents.py": [
      {
        "type": "Hex High Entropy String",
        "filename": "services/portfolio/alembic/versions/1e060791e589_operator_documents.py",
        "hashed_secret": "36af215437beff51ac12b3edddcf71ce0accb460",
        "is_verified": false,
        "line_number": 18
      }
    ],
    "services/portfolio/alembic/versions/323bfe5d9a3b_ats_board_tracking_and_posting_company_.py": [
      {
        "type": "Hex High Entropy String",
        "filename": "services/portfolio/alembic/versions/323bfe5d9a3b_ats_board_tracking_and_posting_company_.py",
        "hashed_secret": "5c27f9766c88bc84d00b252275e2d2d0162ffe51",
        "is_verified": false,
        "line_number": 16
      }
    ],
    "services/portfolio/alembic/versions/8ebed69896a7_revisions_table.py": [
      {
        "type": "Hex High Entropy String",
        "filename": "services/portfolio/alembic/versions/8ebed69896a7_revisions_table.py",
        "hashed_secret": "d4cd42c7d0e4dfd7c86aa7431dbe7e59c2b95e34",
        "is_verified": false,
        "line_number": 18
      }
    ],
    "services/portfolio/alembic/versions/b040afb81ac3_job_postings_and_gap_analyses.py": [
      {
        "type": "Hex High Entropy String",
        "filename": "services/portfolio/alembic/versions/b040afb81ac3_job_postings_and_gap_analyses.py",
        "hashed_secret": "36af215437beff51ac12b3edddcf71ce0accb460",
        "is_verified": false,
        "line_number": 17
      }
    ],
    "services/portfolio/alembic/versions/b048f4a5b24c_users_id_to_bigint.py": [
      {
        "type": "Hex High Entropy String",
        "filename": "services/portfolio/alembic/versions/b048f4a5b24c_users_id_to_bigint.py",
        "hashed_secret": "d4cd42c7d0e4dfd7c86aa7431dbe7e59c2b95e34",
        "is_verified": false,
        "line_number": 16
      },
      {
        "type": "Hex High Entropy String",
        "filename": "services/portfolio/alembic/versions/b048f4a5b24c_users_id_to_bigint.py",
        "hashed_secret": "06990a061fdee9b8611d0ab501b3549b66e9bde7",
        "is_verified": false,
        "line_number": 17
      }
    ],
    "services/portfolio/alembic/versions/d2b7f4194d6a_users_baseline.py": [
      {
        "type": "Hex High Entropy String",
        "filename": "services/portfolio/alembic/versions/d2b7f4194d6a_users_baseline.py",
        "hashed_secret": "06990a061fdee9b8611d0ab501b3549b66e9bde7",
        "is_verified": false,
        "line_number": 16
      }
    ],
    "services/portfolio/main.py": [
      {
        "type": "Base64 High Entropy String",
        "filename": "services/portfolio/main.py",
        "hashed_secret": "79454e385e694807bf7d735c2362a6318f2618ce",
        "is_verified": false,
        "line_number": 148
      }
    ],
    "services/portfolio/settings.py": [
      {
        "type": "Basic Auth Credentials",
        "filename": "services/portfolio/settings.py",
        "hashed_secret": "9d4e1e23bd5b727046a9e3b4b7db57bd8d6ee684",
        "is_verified": false,
        "line_number": 60
      }
    ],
    "services/portfolio/tests/conftest.py": [
      {
        "type": "Secret Keyword",
        "filename": "services/portfolio/tests/conftest.py",
        "hashed_secret": "63cd221fd71eafec416f37521a13b47457a7df40",
        "is_verified": false,
        "line_number": 374
      },
      {
        "type": "Secret Keyword",
        "filename": "services/portfolio/tests/conftest.py",
        "hashed_secret": "8f496788bffe8b052feeb2c64bbf8e38bdaec69b",
        "is_verified": false,
        "line_number": 420
      }
    ],
    "services/portfolio/tests/test_auth.py": [
      {
        "type": "Secret Keyword",
        "filename": "services/portfolio/tests/test_auth.py",
        "hashed_secret": "8f496788bffe8b052feeb2c64bbf8e38bdaec69b",
        "is_verified": false,
        "line_number": 223
      },
      {
        "type": "Secret Keyword",
        "filename": "services/portfolio/tests/test_auth.py",
        "hashed_secret": "a4b48a81cdab1e1a5dd37907d6c85ca1c61ddc7c",
        "is_verified": false,
        "line_number": 371
      }
    ],
    "services/portfolio/tests/test_documents_api.py": [
      {
        "type": "Secret Keyword",
        "filename": "services/portfolio/tests/test_documents_api.py",
        "hashed_secret": "8f496788bffe8b052feeb2c64bbf8e38bdaec69b",
        "is_verified": false,
        "line_number": 21
      }
    ],
    "services/portfolio/tests/test_gaps_api.py": [
      {
        "type": "Secret Keyword",
        "filename": "services/portfolio/tests/test_gaps_api.py",
        "hashed_secret": "8f496788bffe8b052feeb2c64bbf8e38bdaec69b",
        "is_verified": false,
        "line_number": 25
      }
    ]
  },
  "generated_at": "2026-09-05T17:28:27Z"
}
